#-----------------------------------------------------------
# Vivado v2018.2 (64-bit)
# SW Build 2258646 on Thu Jun 14 20:03:12 MDT 2018
# IP Build 2256618 on Thu Jun 14 22:10:49 MDT 2018
# Start of session at: Mon Nov 19 22:07:38 2018
# Process ID: 2400
# Current directory: C:/Users/shree/OneDrive/Desktop/LABS/vhdl/myproject/creeping_line_3
# Command line: vivado.exe -gui_launcher_event rodinguilauncherevent7308 C:\Users\shree\OneDrive\Desktop\LABS\vhdl\myproject\creeping_line_3\creeping_line_3.xpr
# Log file: C:/Users/shree/OneDrive/Desktop/LABS/vhdl/myproject/creeping_line_3/vivado.log
# Journal file: C:/Users/shree/OneDrive/Desktop/LABS/vhdl/myproject/creeping_line_3\vivado.jou
#-----------------------------------------------------------
start_gui
open_project C:/Users/shree/OneDrive/Desktop/LABS/vhdl/myproject/creeping_line_3/creeping_line_3.xpr
update_compile_order -fileset sources_1
launch_simulation
source tb.tcl
run all
archive_project C:/Users/shree/OneDrive/Desktop/LABS/vhdl/myproject/creeping_line_3.xpr.zip -temp_dir C:/Users/shree/OneDrive/Desktop/LABS/vhdl/myproject/creeping_line_3/.Xil/Vivado-2400-DESKTOP-4RUUH2K -force -exclude_run_results
close_sim
