#-----------------------------------------------------------
# Vivado v2018.2 (64-bit)
# SW Build 2258646 on Thu Jun 14 20:03:12 MDT 2018
# IP Build 2256618 on Thu Jun 14 22:10:49 MDT 2018
# Start of session at: Mon Nov 26 21:57:16 2018
# Process ID: 7936
# Current directory: C:/Users/shree/OneDrive/Desktop/New folder/creeping_line_3
# Command line: vivado.exe -gui_launcher_event rodinguilauncherevent11780 C:\Users\shree\OneDrive\Desktop\New folder\creeping_line_3\creeping_line_3.xpr
# Log file: C:/Users/shree/OneDrive/Desktop/New folder/creeping_line_3/vivado.log
# Journal file: C:/Users/shree/OneDrive/Desktop/New folder/creeping_line_3\vivado.jou
#-----------------------------------------------------------
start_gui
open_project {C:/Users/shree/OneDrive/Desktop/New folder/creeping_line_3/creeping_line_3.xpr}
update_compile_order -fileset sources_1
reset_run synth_1
launch_runs impl_1 -to_step write_bitstream
wait_on_run impl_1
launch_simulation
source tb.tcl
run all
archive_project {C:/Users/shree/OneDrive/Desktop/New folder/creeping_line_3.xpr.zip} -temp_dir {C:/Users/shree/OneDrive/Desktop/New folder/creeping_line_3/.Xil/Vivado-7936-DESKTOP-4RUUH2K} -force -exclude_run_results
close_sim
